#
# There is insufficient memory for the Java Runtime Environment to continue.
# Native memory allocation (malloc) failed to allocate 302912 bytes. Error detail: Chunk::new
# Possible reasons:
#   The system is out of physical RAM or swap space
#   This process is running with CompressedOops enabled, and the Java Heap may be blocking the growth of the native heap
# Possible solutions:
#   Reduce memory load on the system
#   Increase physical memory or swap space
#   Check if swap backing store is full
#   Decrease Java heap size (-Xmx/-Xms)
#   Decrease number of Java threads
#   Decrease Java thread stack sizes (-Xss)
#   Set larger code cache with -XX:ReservedCodeCacheSize=
#   JVM is running with Unscaled Compressed Oops mode in which the Java heap is
#     placed in the first 4GB address space. The Java Heap base address is the
#     maximum limit for the native heap growth. Please use -XX:HeapBaseMinAddress
#     to set the Java Heap base and to place the Java Heap above 4GB virtual address.
# This output file may be truncated or incomplete.
#
#  Out of Memory Error (arena.cpp:168), pid=14728, tid=23628
#
# JRE version: OpenJDK Runtime Environment Temurin-21.0.10+7 (21.0.10+7) (build 21.0.10+7-LTS)
# Java VM: OpenJDK 64-Bit Server VM Temurin-21.0.10+7 (21.0.10+7-LTS, mixed mode, sharing, tiered, compressed oops, compressed class ptrs, parallel gc, windows-amd64)
# No core dump will be written. Minidumps are not enabled by default on client versions of Windows
#

---------------  S U M M A R Y ------------

Command Line: --add-modules=ALL-SYSTEM --add-opens=java.base/java.util=ALL-UNNAMED --add-opens=java.base/java.lang=ALL-UNNAMED --add-opens=java.base/sun.nio.fs=ALL-UNNAMED -Declipse.application=org.eclipse.jdt.ls.core.id1 -Dosgi.bundles.defaultStartLevel=4 -Declipse.product=org.eclipse.jdt.ls.core.product -Djava.import.generatesMetadataFilesAtProjectRoot=false -DDetectVMInstallationsJob.disabled=true -Dfile.encoding=utf8 -XX:+UseParallelGC -XX:GCTimeRatio=4 -XX:AdaptiveSizePolicyWeight=90 -Dsun.zip.disableMemoryMapping=true -Xmx2G -Xms100m -Xlog:disable -javaagent:c:\Users\BIT\.vscode\extensions\redhat.java-1.54.0-win32-x64\lombok\lombok-1.18.39-4050.jar c:\Users\BIT\.vscode\extensions\redhat.java-1.54.0-win32-x64\server\plugins\org.eclipse.equinox.launcher_1.7.100.v20251111-0406.jar -configuration c:\Users\BIT\AppData\Roaming\Code\User\globalStorage\redhat.java\1.54.0\config_ss_win -data c:\Users\BIT\AppData\Roaming\Code\User\workspaceStorage\0d7de77c6984a49d8997941169375a69\redhat.java\ss_ws --pipe=\\.\pipe\lsp-a88631d21a6a97f5791a5c30c5744254-sock

Host: AMD Ryzen 5 7530U with Radeon Graphics         , 12 cores, 7G,  Windows 11 , 64 bit Build 26100 (10.0.26100.8246)
Time: Fri May  8 18:01:33 2026 India Standard Time elapsed time: 22.094014 seconds (0d 0h 0m 22s)

---------------  T H R E A D  ---------------

Current thread (0x000001885cbc2180):  JavaThread "C2 CompilerThread0" daemon [_thread_in_native, id=23628, stack(0x000000026f200000,0x000000026f300000) (1024K)]


Current CompileTask:
C2:22094 2215 %     4       java.util.Properties$LineReader::readLine @ 53 (584 bytes)

Stack: [0x000000026f200000,0x000000026f300000]
Native frames: (J=compiled Java code, j=interpreted, Vv=VM code, C=native code)
V  [jvm.dll+0x6d7a39]
V  [jvm.dll+0x8b4b26]
V  [jvm.dll+0x8b70de]
V  [jvm.dll+0x8b77c3]
V  [jvm.dll+0x284346]
V  [jvm.dll+0xc66ed]
V  [jvm.dll+0xc6c31]
V  [jvm.dll+0x3bec3b]
V  [jvm.dll+0x38b162]
V  [jvm.dll+0x38a5aa]
V  [jvm.dll+0x24c560]
V  [jvm.dll+0x24bb40]
V  [jvm.dll+0x1cb34e]
V  [jvm.dll+0x25b85d]
V  [jvm.dll+0x259dea]
V  [jvm.dll+0x3f857e]
V  [jvm.dll+0x85f59d]
V  [jvm.dll+0x6d626d]
C  [ucrtbase.dll+0x37b0]
C  [KERNEL32.DLL+0x2e8d7]
C  [ntdll.dll+0x8c3fc]


---------------  P R O C E S S  ---------------

Threads class SMR info:
_java_thread_list=0x000001885cc6c270, length=17, elements={
0x000001880321c230, 0x0000018819cce230, 0x000001885cbb42f0, 0x000001885cbb9eb0,
0x000001885cbbc530, 0x000001885cbbcf90, 0x000001885cbbd9f0, 0x000001885cbc2180,
0x000001885cbc4770, 0x000001885cd61240, 0x000001885cf27f10, 0x00000188619db1e0,
0x000001885cf6eb30, 0x00000188616e8950, 0x00000188613a2630, 0x00000188618dddc0,
0x0000018861391aa0
}

Java Threads: ( => current thread )
  0x000001880321c230 JavaThread "main"                              [_thread_blocked, id=26936, stack(0x000000026e800000,0x000000026e900000) (1024K)]
  0x0000018819cce230 JavaThread "Reference Handler"          daemon [_thread_blocked, id=38800, stack(0x000000026ec00000,0x000000026ed00000) (1024K)]
  0x000001885cbb42f0 JavaThread "Finalizer"                  daemon [_thread_blocked, id=33768, stack(0x000000026ed00000,0x000000026ee00000) (1024K)]
  0x000001885cbb9eb0 JavaThread "Signal Dispatcher"          daemon [_thread_blocked, id=24380, stack(0x000000026ee00000,0x000000026ef00000) (1024K)]
  0x000001885cbbc530 JavaThread "Attach Listener"            daemon [_thread_blocked, id=34532, stack(0x000000026ef00000,0x000000026f000000) (1024K)]
  0x000001885cbbcf90 JavaThread "Service Thread"             daemon [_thread_blocked, id=34856, stack(0x000000026f000000,0x000000026f100000) (1024K)]
  0x000001885cbbd9f0 JavaThread "Monitor Deflation Thread"   daemon [_thread_blocked, id=12732, stack(0x000000026f100000,0x000000026f200000) (1024K)]
=>0x000001885cbc2180 JavaThread "C2 CompilerThread0"         daemon [_thread_in_native, id=23628, stack(0x000000026f200000,0x000000026f300000) (1024K)]
  0x000001885cbc4770 JavaThread "C1 CompilerThread0"         daemon [_thread_in_vm, id=8020, stack(0x000000026f300000,0x000000026f400000) (1024K)]
  0x000001885cd61240 JavaThread "Common-Cleaner"             daemon [_thread_blocked, id=28540, stack(0x000000026f500000,0x000000026f600000) (1024K)]
  0x000001885cf27f10 JavaThread "Notification Thread"        daemon [_thread_blocked, id=29744, stack(0x000000026f400000,0x000000026f500000) (1024K)]
  0x00000188619db1e0 JavaThread "Active Thread: Equinox Container: 68145c86-c3e2-4733-acd6-18c55c36a04b"        [_thread_blocked, id=20340, stack(0x000000026fe00000,0x000000026ff00000) (1024K)]
  0x000001885cf6eb30 JavaThread "Framework Event Dispatcher: Equinox Container: 68145c86-c3e2-4733-acd6-18c55c36a04b" daemon [_thread_blocked, id=6604, stack(0x000000026f600000,0x000000026f700000) (1024K)]
  0x00000188616e8950 JavaThread "Start Level: Equinox Container: 68145c86-c3e2-4733-acd6-18c55c36a04b" daemon [_thread_blocked, id=26792, stack(0x000000026fd00000,0x000000026fe00000) (1024K)]
  0x00000188613a2630 JavaThread "SCR Component Actor"        daemon [_thread_blocked, id=30680, stack(0x0000000270000000,0x0000000270100000) (1024K)]
  0x00000188618dddc0 JavaThread "Worker-JM"                         [_thread_blocked, id=30876, stack(0x0000000270100000,0x0000000270200000) (1024K)]
  0x0000018861391aa0 JavaThread "C2 CompilerThread1"         daemon [_thread_blocked, id=17508, stack(0x0000000270400000,0x0000000270500000) (1024K)]
Total: 17

Other Threads:
  0x0000018819cb40c0 VMThread "VM Thread"                           [id=24996, stack(0x000000026eb00000,0x000000026ec00000) (1024K)]
  0x0000018819baba00 WatcherThread "VM Periodic Task Thread"        [id=26144, stack(0x000000026ea00000,0x000000026eb00000) (1024K)]
  0x000001880323a800 WorkerThread "GC Thread#0"                     [id=11832, stack(0x000000026e900000,0x000000026ea00000) (1024K)]
  0x000001885cec29f0 WorkerThread "GC Thread#1"                     [id=14868, stack(0x000000026f700000,0x000000026f800000) (1024K)]
  0x000001885cec2da0 WorkerThread "GC Thread#2"                     [id=9040, stack(0x000000026f800000,0x000000026f900000) (1024K)]
  0x000001885cec3150 WorkerThread "GC Thread#3"                     [id=21508, stack(0x000000026f900000,0x000000026fa00000) (1024K)]
  0x000001885cec3500 WorkerThread "GC Thread#4"                     [id=12120, stack(0x000000026fa00000,0x000000026fb00000) (1024K)]
  0x000001885cec38b0 WorkerThread "GC Thread#5"                     [id=35516, stack(0x000000026fb00000,0x000000026fc00000) (1024K)]
  0x000001885cec3c60 WorkerThread "GC Thread#6"                     [id=22436, stack(0x000000026fc00000,0x000000026fd00000) (1024K)]
  0x000001886155bb60 WorkerThread "GC Thread#7"                     [id=36736, stack(0x000000026ff00000,0x0000000270000000) (1024K)]
  0x000001886155a540 WorkerThread "GC Thread#8"                     [id=24328, stack(0x0000000270200000,0x0000000270300000) (1024K)]
  0x0000018861559680 WorkerThread "GC Thread#9"                     [id=14160, stack(0x0000000270300000,0x0000000270400000) (1024K)]
Total: 12

Threads with active compile tasks:
C2 CompilerThread0  22214 2215 %     4       java.util.Properties$LineReader::readLine @ 53 (584 bytes)
C1 CompilerThread0  22214 2326       3       java.util.Properties::loadConvert (540 bytes)
Total: 2

VM state: not at safepoint (normal execution)

VM Mutex/Monitor currently owned by a thread:  ([mutex/lock_event])
[0x00007ffd7d86d060] MethodCompileQueue_lock - owner thread: 0x000001885cbc4770
[0x00007ffd7d86e460] CodeCache_lock - owner thread: 0x000001885cbc4770
[0x00007ffd7d86e5e0] Compile_lock - owner thread: 0x000001885cbc4770

Heap address: 0x0000000080000000, size: 2048 MB, Compressed Oops mode: 32-bit

CDS archive(s) mapped at: [0x000001881a000000-0x000001881aba0000-0x000001881aba0000), size 12189696, SharedBaseAddress: 0x000001881a000000, ArchiveRelocationMode: 1.
Compressed class space mapped at: 0x000001881b000000-0x000001885b000000, reserved size: 1073741824
Narrow klass base: 0x000001881a000000, Narrow klass shift: 0, Narrow klass range: 0x100000000

GC Precious Log:
 CardTable entry size: 512
 CPUs: 12 total, 12 available
 Memory: 7489M
 Large Page Support: Disabled
 NUMA Support: Disabled
 Compressed Oops: Enabled (32-bit)
 Alignments: Space 512K, Generation 512K, Heap 2M
 Heap Min Capacity: 100M
 Heap Initial Capacity: 100M
 Heap Max Capacity: 2G
 Pre-touch: Disabled
 Parallel Workers: 10

Heap:
 PSYoungGen      total 29696K, used 7076K [0x00000000d5580000, 0x00000000d7680000, 0x0000000100000000)
  eden space 25600K, 11% used [0x00000000d5580000,0x00000000d586c7d0,0x00000000d6e80000)
  from space 4096K, 99% used [0x00000000d6e80000,0x00000000d727c890,0x00000000d7280000)
  to   space 4096K, 0% used [0x00000000d7280000,0x00000000d7280000,0x00000000d7680000)
 ParOldGen       total 68608K, used 2841K [0x0000000080000000, 0x0000000084300000, 0x00000000d5580000)
  object space 68608K, 4% used [0x0000000080000000,0x00000000802c6748,0x0000000084300000)
 Metaspace       used 13253K, committed 13824K, reserved 1114112K
  class space    used 1403K, committed 1664K, reserved 1048576K

Card table byte_map: [0x0000018802bc0000,0x0000018802fd0000] _byte_map_base: 0x00000188027c0000

Marking Bits: (ParMarkBitMap*) 0x00007ffd7d873450
 Begin Bits: [0x00000188156d0000, 0x00000188176d0000)
 End Bits:   [0x00000188176d0000, 0x00000188196d0000)

Polling page: 0x0000018801050000

Metaspace:

Usage:
  Non-class:     11.57 MB used.
      Class:      1.37 MB used.
       Both:     12.94 MB used.

Virtual space:
  Non-class space:       64.00 MB reserved,      11.88 MB ( 19%) committed,  1 nodes.
      Class space:        1.00 GB reserved,       1.62 MB ( <1%) committed,  1 nodes.
             Both:        1.06 GB reserved,      13.50 MB (  1%) committed. 

Chunk freelists:
   Non-Class:  4.08 MB
       Class:  14.39 MB
        Both:  18.47 MB

MaxMetaspaceSize: unlimited
CompressedClassSpaceSize: 1.00 GB
Initial GC threshold: 21.00 MB
Current GC threshold: 21.00 MB
CDS: on
 - commit_granule_bytes: 65536.
 - commit_granule_words: 8192.
 - virtual_space_node_default_size: 8388608.
 - enlarge_chunks_in_place: 1.
 - use_allocation_guard: 0.


Internal statistics:

num_allocs_failed_limit: 0.
num_arena_births: 380.
num_arena_deaths: 0.
num_vsnodes_births: 2.
num_vsnodes_deaths: 0.
num_space_committed: 216.
num_space_uncommitted: 0.
num_chunks_returned_to_freelist: 0.
num_chunks_taken_from_freelist: 829.
num_chunk_merges: 0.
num_chunk_splits: 535.
num_chunks_enlarged: 339.
num_inconsistent_stats: 0.

CodeHeap 'non-profiled nmethods': size=120000Kb used=970Kb max_used=970Kb free=119030Kb
 bounds [0x000001880def0000, 0x000001880e160000, 0x0000018815420000]
CodeHeap 'profiled nmethods': size=120000Kb used=4351Kb max_used=4351Kb free=115648Kb
 bounds [0x0000018806420000, 0x0000018806860000, 0x000001880d950000]
CodeHeap 'non-nmethods': size=5760Kb used=1249Kb max_used=1269Kb free=4510Kb
 bounds [0x000001880d950000, 0x000001880dbc0000, 0x000001880def0000]
CodeCache: size=245760Kb, used=6570Kb, max_used=6590Kb, free=239188Kb
 total_blobs=2840, nmethods=2322, adapters=424, full_count=0
Compilation: enabled, stopped_count=0, restarted_count=0

Compilation events (20 events):
Event: 20.025 Thread 0x000001885cbc4770 2236       3       java.lang.ref.WeakReference::<init> (6 bytes)
Event: 20.025 Thread 0x000001885cbc4770 nmethod 2236 0x000001880682c990 code [0x000001880682cb40, 0x000001880682cdd0]
Event: 20.025 Thread 0x000001885cbc4770 2245       3       java.lang.invoke.MethodType::methodType (44 bytes)
Event: 20.025 Thread 0x000001885cbc4770 nmethod 2245 0x000001880682cf10 code [0x000001880682d100, 0x000001880682d570]
Event: 20.025 Thread 0x000001885cbc4770 2246       3       java.lang.invoke.MethodHandle::asTypeUncached (54 bytes)
Event: 20.026 Thread 0x000001885cbc4770 nmethod 2246 0x000001880682d690 code [0x000001880682d960, 0x000001880682e458]
Event: 20.026 Thread 0x000001885cbc4770 2247       3       java.lang.invoke.MethodType::isConvertibleTo (164 bytes)
Event: 20.026 Thread 0x000001885cbc4770 nmethod 2247 0x000001880682e910 code [0x000001880682eb60, 0x000001880682f438]
Event: 20.026 Thread 0x000001885cbc4770 2249       3       java.lang.invoke.DirectMethodHandle$StaticAccessor::<init> (30 bytes)
Event: 20.027 Thread 0x000001885cbc4770 nmethod 2249 0x000001880682f710 code [0x000001880682f8c0, 0x000001880682faa0]
Event: 20.027 Thread 0x000001885cbc4770 2248       3       java.lang.invoke.MethodHandleImpl::makePairwiseConvert (8 bytes)
Event: 20.027 Thread 0x000001885cbc4770 nmethod 2248 0x000001880682fc10 code [0x000001880682fdc0, 0x000001880682fee0]
Event: 20.027 Thread 0x000001885cbc4770 2251       3       java.lang.invoke.ClassSpecializer$SpeciesData::getterFunction (78 bytes)
Event: 20.027 Thread 0x000001885cbc4770 nmethod 2251 0x000001880682ff90 code [0x0000018806830140, 0x0000018806830438]
Event: 20.027 Thread 0x000001885cbc4770 2250       3       java.lang.invoke.MethodHandles$Lookup::getDirectFieldCommon (67 bytes)
Event: 20.027 Thread 0x000001885cbc4770 nmethod 2250 0x0000018806830510 code [0x0000018806830720, 0x0000018806830b90]
Event: 20.027 Thread 0x000001885cbc4770 2258       3       java.lang.invoke.MethodHandleImpl::computeValueConversions (121 bytes)
Event: 20.028 Thread 0x000001885cbc4770 nmethod 2258 0x0000018806830d10 code [0x0000018806830f20, 0x00000188068316b8]
Event: 20.028 Thread 0x000001885cbc4770 2257       3       java.lang.invoke.MethodHandleImpl::makePairwiseConvertByEditor (617 bytes)
Event: 22.054 Thread 0x000001885cbc4770 nmethod 2257 0x0000018806831a90 code [0x0000018806832280, 0x0000018806837168]

GC Heap History (4 events):
Event: 3.589 GC heap before
{Heap before GC invocations=1 (full 0):
 PSYoungGen      total 29696K, used 25600K [0x00000000d5580000, 0x00000000d7680000, 0x0000000100000000)
  eden space 25600K, 100% used [0x00000000d5580000,0x00000000d6e80000,0x00000000d6e80000)
  from space 4096K, 0% used [0x00000000d7280000,0x00000000d7280000,0x00000000d7680000)
  to   space 4096K, 0% used [0x00000000d6e80000,0x00000000d6e80000,0x00000000d7280000)
 ParOldGen       total 68608K, used 0K [0x0000000080000000, 0x0000000084300000, 0x00000000d5580000)
  object space 68608K, 0% used [0x0000000080000000,0x0000000080000000,0x0000000084300000)
 Metaspace       used 4356K, committed 4608K, reserved 1114112K
  class space    used 474K, committed 576K, reserved 1048576K
}
Event: 3.603 GC heap after
{Heap after GC invocations=1 (full 0):
 PSYoungGen      total 29696K, used 3287K [0x00000000d5580000, 0x00000000d7680000, 0x0000000100000000)
  eden space 25600K, 0% used [0x00000000d5580000,0x00000000d5580000,0x00000000d6e80000)
  from space 4096K, 80% used [0x00000000d6e80000,0x00000000d71b5ea8,0x00000000d7280000)
  to   space 4096K, 0% used [0x00000000d7280000,0x00000000d7280000,0x00000000d7680000)
 ParOldGen       total 68608K, used 16K [0x0000000080000000, 0x0000000084300000, 0x00000000d5580000)
  object space 68608K, 0% used [0x0000000080000000,0x0000000080004000,0x0000000084300000)
 Metaspace       used 4356K, committed 4608K, reserved 1114112K
  class space    used 474K, committed 576K, reserved 1048576K
}
Event: 18.170 GC heap before
{Heap before GC invocations=2 (full 0):
 PSYoungGen      total 29696K, used 28887K [0x00000000d5580000, 0x00000000d7680000, 0x0000000100000000)
  eden space 25600K, 100% used [0x00000000d5580000,0x00000000d6e80000,0x00000000d6e80000)
  from space 4096K, 80% used [0x00000000d6e80000,0x00000000d71b5ea8,0x00000000d7280000)
  to   space 4096K, 0% used [0x00000000d7280000,0x00000000d7280000,0x00000000d7680000)
 ParOldGen       total 68608K, used 16K [0x0000000080000000, 0x0000000084300000, 0x00000000d5580000)
  object space 68608K, 0% used [0x0000000080000000,0x0000000080004000,0x0000000084300000)
 Metaspace       used 8082K, committed 8384K, reserved 1114112K
  class space    used 854K, committed 960K, reserved 1048576K
}
Event: 18.174 GC heap after
{Heap after GC invocations=2 (full 0):
 PSYoungGen      total 29696K, used 4093K [0x00000000d5580000, 0x00000000d7680000, 0x0000000100000000)
  eden space 25600K, 0% used [0x00000000d5580000,0x00000000d5580000,0x00000000d6e80000)
  from space 4096K, 99% used [0x00000000d7280000,0x00000000d767f680,0x00000000d7680000)
  to   space 4096K, 0% used [0x00000000d6e80000,0x00000000d6e80000,0x00000000d7280000)
 ParOldGen       total 68608K, used 1108K [0x0000000080000000, 0x0000000084300000, 0x00000000d5580000)
  object space 68608K, 1% used [0x0000000080000000,0x0000000080115030,0x0000000084300000)
 Metaspace       used 8082K, committed 8384K, reserved 1114112K
  class space    used 854K, committed 960K, reserved 1048576K
}

Dll operation events (9 events):
Event: 0.279 Loaded shared library c:\Users\BIT\.vscode\extensions\redhat.java-1.54.0-win32-x64\jre\21.0.10-win32-x86_64\bin\java.dll
Event: 1.609 Loaded shared library c:\Users\BIT\.vscode\extensions\redhat.java-1.54.0-win32-x64\jre\21.0.10-win32-x86_64\bin\zip.dll
Event: 1.766 Loaded shared library C:\Users\BIT\.vscode\extensions\redhat.java-1.54.0-win32-x64\jre\21.0.10-win32-x86_64\bin\instrument.dll
Event: 2.532 Loaded shared library C:\Users\BIT\.vscode\extensions\redhat.java-1.54.0-win32-x64\jre\21.0.10-win32-x86_64\bin\net.dll
Event: 2.731 Loaded shared library C:\Users\BIT\.vscode\extensions\redhat.java-1.54.0-win32-x64\jre\21.0.10-win32-x86_64\bin\nio.dll
Event: 2.749 Loaded shared library C:\Users\BIT\.vscode\extensions\redhat.java-1.54.0-win32-x64\jre\21.0.10-win32-x86_64\bin\zip.dll
Event: 2.814 Loaded shared library C:\Users\BIT\.vscode\extensions\redhat.java-1.54.0-win32-x64\jre\21.0.10-win32-x86_64\bin\jimage.dll
Event: 3.015 Loaded shared library c:\Users\BIT\.vscode\extensions\redhat.java-1.54.0-win32-x64\jre\21.0.10-win32-x86_64\bin\verify.dll
Event: 18.308 Loaded shared library C:\Users\BIT\AppData\Roaming\Code\User\globalStorage\redhat.java\1.54.0\config_ss_win\org.eclipse.equinox.launcher\org.eclipse.equinox.launcher.win32.win32.x86_64_1.3.0.v20260203-2149\eclipse_11919.dll

Deoptimization events (20 events):
Event: 19.560 Thread 0x00000188616e8950 Uncommon trap: trap_request=0xffffffc6 fr.pc=0x000001880dfc2d5c relative=0x00000000000012dc
Event: 19.560 Thread 0x00000188616e8950 Uncommon trap: reason=bimorphic_or_optimized_type_check action=maybe_recompile pc=0x000001880dfc2d5c method=java.io.DataInputStream.readFully([BII)V @ 30 c2
Event: 19.560 Thread 0x00000188616e8950 DEOPT PACKING pc=0x000001880dfc2d5c sp=0x000000026fdfb780
Event: 19.560 Thread 0x00000188616e8950 DEOPT UNPACKING pc=0x000001880d9a3aa2 sp=0x000000026fdfb778 mode 2
Event: 19.877 Thread 0x00000188616e8950 Uncommon trap: trap_request=0xffffffc6 fr.pc=0x000001880dfcad8c relative=0x00000000000004cc
Event: 19.877 Thread 0x00000188616e8950 Uncommon trap: reason=bimorphic_or_optimized_type_check action=maybe_recompile pc=0x000001880dfcad8c method=java.io.DataInputStream.readUnsignedByte()I @ 4 c2
Event: 19.877 Thread 0x00000188616e8950 DEOPT PACKING pc=0x000001880dfcad8c sp=0x000000026fdf8800
Event: 19.877 Thread 0x00000188616e8950 DEOPT UNPACKING pc=0x000001880d9a3aa2 sp=0x000000026fdf8748 mode 2
Event: 19.878 Thread 0x00000188616e8950 Uncommon trap: trap_request=0xffffffc6 fr.pc=0x000001880dfcad8c relative=0x00000000000004cc
Event: 19.878 Thread 0x00000188616e8950 Uncommon trap: reason=bimorphic_or_optimized_type_check action=maybe_recompile pc=0x000001880dfcad8c method=java.io.DataInputStream.readUnsignedByte()I @ 4 c2
Event: 19.878 Thread 0x00000188616e8950 DEOPT PACKING pc=0x000001880dfcad8c sp=0x000000026fdf8770
Event: 19.878 Thread 0x00000188616e8950 DEOPT UNPACKING pc=0x000001880d9a3aa2 sp=0x000000026fdf86b8 mode 2
Event: 19.878 Thread 0x00000188616e8950 Uncommon trap: trap_request=0xffffffc6 fr.pc=0x000001880dfcad8c relative=0x00000000000004cc
Event: 19.878 Thread 0x00000188616e8950 Uncommon trap: reason=bimorphic_or_optimized_type_check action=maybe_recompile pc=0x000001880dfcad8c method=java.io.DataInputStream.readUnsignedByte()I @ 4 c2
Event: 19.878 Thread 0x00000188616e8950 DEOPT PACKING pc=0x000001880dfcad8c sp=0x000000026fdf8770
Event: 19.878 Thread 0x00000188616e8950 DEOPT UNPACKING pc=0x000001880d9a3aa2 sp=0x000000026fdf86b8 mode 2
Event: 19.878 Thread 0x00000188616e8950 Uncommon trap: trap_request=0xffffffc6 fr.pc=0x000001880dfcad8c relative=0x00000000000004cc
Event: 19.878 Thread 0x00000188616e8950 Uncommon trap: reason=bimorphic_or_optimized_type_check action=maybe_recompile pc=0x000001880dfcad8c method=java.io.DataInputStream.readUnsignedByte()I @ 4 c2
Event: 19.878 Thread 0x00000188616e8950 DEOPT PACKING pc=0x000001880dfcad8c sp=0x000000026fdf8770
Event: 19.878 Thread 0x00000188616e8950 DEOPT UNPACKING pc=0x000001880d9a3aa2 sp=0x000000026fdf86b8 mode 2

Classes loaded (20 events):
Event: 19.880 Loading class java/time/zone/TzdbZoneRulesProvider
Event: 19.880 Loading class java/time/zone/TzdbZoneRulesProvider done
Event: 19.884 Loading class java/time/zone/Ser
Event: 19.884 Loading class java/io/Externalizable
Event: 19.884 Loading class java/io/Externalizable done
Event: 19.884 Loading class java/time/zone/Ser done
Event: 19.888 Loading class java/util/Formatter$FixedString
Event: 19.888 Loading class java/util/Formatter$FixedString done
Event: 19.918 Loading class java/util/concurrent/TimeoutException
Event: 19.918 Loading class java/util/concurrent/TimeoutException done
Event: 19.978 Loading class java/util/PropertyResourceBundle
Event: 19.979 Loading class java/util/PropertyResourceBundle done
Event: 19.980 Loading class sun/util/PropertyResourceBundleCharset
Event: 19.980 Loading class sun/util/PropertyResourceBundleCharset done
Event: 19.980 Loading class sun/util/PropertyResourceBundleCharset$PropertiesFileDecoder
Event: 19.980 Loading class sun/util/PropertyResourceBundleCharset$PropertiesFileDecoder done
Event: 19.981 Loading class java/lang/invoke/DirectMethodHandle$StaticAccessor
Event: 19.982 Loading class java/lang/invoke/DirectMethodHandle$StaticAccessor done
Event: 20.011 Loading class java/lang/AbstractMethodError
Event: 20.012 Loading class java/lang/AbstractMethodError done

Classes unloaded (0 events):
No events

Classes redefined (0 events):
No events

Internal exceptions (20 events):
Event: 3.658 Thread 0x000001880321c230 Exception <a 'java/lang/NoSuchMethodError'{0x00000000d56daf60}: 'void java.lang.invoke.DirectMethodHandle$Holder.invokeStatic(java.lang.Object, java.lang.Object, java.lang.Object, java.lang.Object)'> (0x00000000d56daf60) 
thrown [s\src\hotspot\share\interpreter\linkResolver.cpp, line 773]
Event: 3.660 Thread 0x000001880321c230 Implicit null exception at 0x000001880df50d9a to 0x000001880df50fa4
Event: 3.660 Thread 0x000001880321c230 Implicit null exception at 0x000001880df4a13d to 0x000001880df4a1c1
Event: 3.799 Thread 0x000001880321c230 Exception <a 'java/lang/NoSuchMethodError'{0x00000000d599ee78}: 'void java.lang.invoke.DirectMethodHandle$Holder.invokeSpecial(java.lang.Object, java.lang.Object, java.lang.Object)'> (0x00000000d599ee78) 
thrown [s\src\hotspot\share\interpreter\linkResolver.cpp, line 773]
Event: 4.109 Thread 0x000001880321c230 Exception <a 'java/lang/NoSuchMethodError'{0x00000000d62cffd8}: 'int java.lang.invoke.DirectMethodHandle$Holder.invokeVirtual(java.lang.Object, java.lang.Object)'> (0x00000000d62cffd8) 
thrown [s\src\hotspot\share\interpreter\linkResolver.cpp, line 773]
Event: 4.202 Thread 0x000001880321c230 Exception <a 'java/lang/NoSuchMethodError'{0x00000000d6454b68}: 'int java.lang.invoke.DirectMethodHandle$Holder.invokeStaticInit(java.lang.Object, java.lang.Object, java.lang.Object, java.lang.Object)'> (0x00000000d6454b68) 
thrown [s\src\hotspot\share\interpreter\linkResolver.cpp, line 773]
Event: 4.203 Thread 0x000001880321c230 Exception <a 'java/lang/IncompatibleClassChangeError'{0x00000000d645cf70}: Found class java.lang.Object, but interface was expected> (0x00000000d645cf70) 
thrown [s\src\hotspot\share\interpreter\linkResolver.cpp, line 840]
Event: 4.204 Thread 0x000001880321c230 Exception <a 'java/lang/NoSuchMethodError'{0x00000000d6463e20}: 'void java.lang.invoke.DirectMethodHandle$Holder.invokeStaticInit(java.lang.Object, java.lang.Object)'> (0x00000000d6463e20) 
thrown [s\src\hotspot\share\interpreter\linkResolver.cpp, line 773]
Event: 4.205 Thread 0x000001880321c230 Exception <a 'java/lang/NoSuchMethodError'{0x00000000d646d8d8}: 'int java.lang.invoke.DirectMethodHandle$Holder.invokeStaticInit(java.lang.Object, java.lang.Object)'> (0x00000000d646d8d8) 
thrown [s\src\hotspot\share\interpreter\linkResolver.cpp, line 773]
Event: 4.304 Thread 0x000001880321c230 Exception <a 'java/lang/NoSuchMethodError'{0x00000000d66d9ea0}: 'java.lang.Object java.lang.invoke.DirectMethodHandle$Holder.newInvokeSpecial(java.lang.Object, int, java.lang.Object)'> (0x00000000d66d9ea0) 
thrown [s\src\hotspot\share\interpreter\linkResolver.cpp, line 773]
Event: 4.356 Thread 0x000001880321c230 Exception <a 'java/lang/ClassNotFoundException'{0x00000000d68f09b8}: sun/net/www/protocol/plurl/Handler> (0x00000000d68f09b8) 
thrown [s\src\hotspot\share\classfile\systemDictionary.cpp, line 312]
Event: 4.357 Thread 0x000001880321c230 Exception <a 'java/lang/ClassNotFoundException'{0x00000000d68f1838}: sun/net/www/protocol/plurl/Handler> (0x00000000d68f1838) 
thrown [s\src\hotspot\share\classfile\systemDictionary.cpp, line 312]
Event: 18.161 Thread 0x000001880321c230 Exception <a 'java/lang/UnsatisfiedLinkError'{0x00000000d6d97d38}: 'void org.eclipse.equinox.launcher.JNIBridge._update_splash()'> (0x00000000d6d97d38) 
thrown [s\src\hotspot\share\prims\nativeLookup.cpp, line 415]
Event: 18.210 Thread 0x00000188616e8950 Exception <a 'java/lang/NullPointerException'{0x00000000d5824000}> (0x00000000d5824000) 
thrown [s\src\hotspot\share\interpreter\linkResolver.cpp, line 1372]
Event: 18.210 Thread 0x00000188616e8950 Exception <a 'java/lang/NullPointerException'{0x00000000d58242e0}> (0x00000000d58242e0) 
thrown [s\src\hotspot\share\interpreter\linkResolver.cpp, line 1372]
Event: 19.481 Thread 0x00000188616e8950 Exception <a 'java/lang/NoSuchMethodError'{0x00000000d6195a08}: 'long java.lang.invoke.DirectMethodHandle$Holder.invokeSpecial(java.lang.Object, java.lang.Object)'> (0x00000000d6195a08) 
thrown [s\src\hotspot\share\interpreter\linkResolver.cpp, line 773]
Event: 19.547 Thread 0x00000188616e8950 Exception <a 'java/io/FileNotFoundException'{0x00000000d635a018}> (0x00000000d635a018) 
thrown [s\src\hotspot\share\prims\jni.cpp, line 520]
Event: 19.800 Thread 0x00000188616e8950 Exception <a 'java/lang/NoSuchMethodError'{0x00000000d6673208}: 'java.lang.Object java.lang.invoke.Invokers$Holder.linkToTargetMethod(java.lang.Object, long, java.lang.Object)'> (0x00000000d6673208) 
thrown [s\src\hotspot\share\interpreter\linkResolver.cpp, line 773]
Event: 19.919 Thread 0x00000188616e8950 Exception <a 'java/lang/NoSuchMethodError'{0x00000000d69fbaa0}: 'void java.lang.invoke.DirectMethodHandle$Holder.invokeInterface(java.lang.Object, java.lang.Object, java.lang.Object)'> (0x00000000d69fbaa0) 
thrown [s\src\hotspot\share\interpreter\linkResolver.cpp, line 773]
Event: 19.984 Thread 0x00000188616e8950 Exception <a 'java/lang/NoSuchMethodError'{0x00000000d6c0e1f0}: 'void java.lang.invoke.Invokers$Holder.invokeExact_MT(java.lang.Object, java.lang.Object, java.lang.Object)'> (0x00000000d6c0e1f0) 
thrown [s\src\hotspot\share\interpreter\linkResolver.cpp, line 773]

ZGC Phase Switch (0 events):
No events

VM Operations (20 events):
Event: 3.603 Executing safepoint VM operation: ParallelGCFailedAllocation (Allocation Failure) done
Event: 4.246 Executing non-safepoint VM operation: HandshakeAllThreads (Deoptimize)
Event: 4.246 Executing non-safepoint VM operation: HandshakeAllThreads (Deoptimize) done
Event: 4.274 Executing non-safepoint VM operation: HandshakeAllThreads (Deoptimize)
Event: 4.274 Executing non-safepoint VM operation: HandshakeAllThreads (Deoptimize) done
Event: 4.337 Executing non-safepoint VM operation: HandshakeAllThreads (Deoptimize)
Event: 4.337 Executing non-safepoint VM operation: HandshakeAllThreads (Deoptimize) done
Event: 4.351 Executing non-safepoint VM operation: HandshakeAllThreads (Deoptimize)
Event: 4.351 Executing non-safepoint VM operation: HandshakeAllThreads (Deoptimize) done
Event: 5.352 Executing safepoint VM operation: Cleanup
Event: 5.352 Executing safepoint VM operation: Cleanup done
Event: 18.170 Executing safepoint VM operation: ParallelGCFailedAllocation (Allocation Failure)
Event: 18.174 Executing safepoint VM operation: ParallelGCFailedAllocation (Allocation Failure) done
Event: 19.285 Executing non-safepoint VM operation: HandshakeAllThreads (Deoptimize)
Event: 19.285 Executing non-safepoint VM operation: HandshakeAllThreads (Deoptimize) done
Event: 19.285 Executing safepoint VM operation: Cleanup
Event: 19.285 Executing safepoint VM operation: Cleanup done
Event: 19.879 Executing non-safepoint VM operation: HandshakeAllThreads (Deoptimize)
Event: 19.879 Executing non-safepoint VM operation: HandshakeAllThreads (Deoptimize) done
Event: 20.888 Executing safepoint VM operation: Cleanup

Memory protections (0 events):
No events

Nmethod flushes (0 events):
No events

Events (20 events):
Event: 0.462 Thread 0x000001880321c230 Thread added: 0x000001885cbc4770
Event: 1.617 Thread 0x000001885cbc4770 Thread added: 0x000001885cd10170
Event: 1.783 Thread 0x000001880321c230 Thread added: 0x000001885cd61240
Event: 2.743 Thread 0x000001885cd10170 Thread exited: 0x000001885cd10170
Event: 2.923 Thread 0x000001885cbc4770 Thread added: 0x000001885cebbde0
Event: 3.032 Thread 0x000001885cebbde0 Thread exited: 0x000001885cebbde0
Event: 3.113 Thread 0x000001880321c230 Thread added: 0x000001885cf27f10
Event: 3.249 Thread 0x000001885cbc4770 Thread added: 0x0000018861018590
Event: 3.299 Thread 0x000001885cbc4770 Thread added: 0x00000188610861d0
Event: 3.479 Thread 0x00000188610861d0 Thread exited: 0x00000188610861d0
Event: 3.866 Thread 0x000001885cbc4770 Thread added: 0x000001886185ddb0
Event: 4.221 Thread 0x000001880321c230 Thread added: 0x00000188619db1e0
Event: 4.715 Thread 0x000001886185ddb0 Thread exited: 0x000001886185ddb0
Event: 4.734 Thread 0x0000018861018590 Thread exited: 0x0000018861018590
Event: 18.157 Thread 0x000001880321c230 Thread added: 0x000001885cf6eb30
Event: 18.160 Thread 0x000001880321c230 Thread added: 0x00000188616e8950
Event: 19.273 Thread 0x00000188616e8950 Thread added: 0x00000188613a2630
Event: 19.493 Thread 0x000001885cbc4770 Thread added: 0x000001886112c580
Event: 19.724 Thread 0x000001886112c580 Thread exited: 0x000001886112c580
Event: 19.942 Thread 0x00000188616e8950 Thread added: 0x00000188618dddc0


Dynamic libraries:
0x00007ff7ed790000 - 0x00007ff7ed79e000 	c:\Users\BIT\.vscode\extensions\redhat.java-1.54.0-win32-x64\jre\21.0.10-win32-x86_64\bin\java.exe
0x00007ffe3b080000 - 0x00007ffe3b2e7000 	C:\WINDOWS\SYSTEM32\ntdll.dll
0x00007ffe397f0000 - 0x00007ffe398b9000 	C:\WINDOWS\System32\KERNEL32.DLL
0x00007ffe37950000 - 0x00007ffe37d44000 	C:\WINDOWS\System32\KERNELBASE.dll
0x00007ffe381b0000 - 0x00007ffe382fb000 	C:\WINDOWS\System32\ucrtbase.dll
0x00007ffe2bde0000 - 0x00007ffe2bdfe000 	c:\Users\BIT\.vscode\extensions\redhat.java-1.54.0-win32-x64\jre\21.0.10-win32-x86_64\bin\VCRUNTIME140.dll
0x00007ffe0f660000 - 0x00007ffe0f678000 	c:\Users\BIT\.vscode\extensions\redhat.java-1.54.0-win32-x64\jre\21.0.10-win32-x86_64\bin\jli.dll
0x00007ffe3a770000 - 0x00007ffe3a935000 	C:\WINDOWS\System32\USER32.dll
0x00007ffe1cf00000 - 0x00007ffe1d193000 	C:\WINDOWS\WinSxS\amd64_microsoft.windows.common-controls_6595b64144ccf1df_6.0.26100.8115_none_3e075c82e3354f9c\COMCTL32.dll
0x00007ffe37ec0000 - 0x00007ffe37ee7000 	C:\WINDOWS\System32\win32u.dll
0x00007ffe38ee0000 - 0x00007ffe38f0b000 	C:\WINDOWS\System32\GDI32.dll
0x00007ffe38c30000 - 0x00007ffe38d5b000 	C:\WINDOWS\System32\gdi32full.dll
0x00007ffe38d60000 - 0x00007ffe38e03000 	C:\WINDOWS\System32\msvcp_win.dll
0x00007ffe3a6c0000 - 0x00007ffe3a769000 	C:\WINDOWS\System32\msvcrt.dll
0x00007ffe38ea0000 - 0x00007ffe38ed2000 	C:\WINDOWS\System32\IMM32.DLL
0x00007ffe2c7c0000 - 0x00007ffe2c7cc000 	c:\Users\BIT\.vscode\extensions\redhat.java-1.54.0-win32-x64\jre\21.0.10-win32-x86_64\bin\vcruntime140_1.dll
0x00007ffdc64a0000 - 0x00007ffdc652d000 	c:\Users\BIT\.vscode\extensions\redhat.java-1.54.0-win32-x64\jre\21.0.10-win32-x86_64\bin\msvcp140.dll
0x00007ffd7cbb0000 - 0x00007ffd7d951000 	c:\Users\BIT\.vscode\extensions\redhat.java-1.54.0-win32-x64\jre\21.0.10-win32-x86_64\bin\server\jvm.dll
0x00007ffe3a140000 - 0x00007ffe3a1f6000 	C:\WINDOWS\System32\ADVAPI32.dll
0x00007ffe3a270000 - 0x00007ffe3a317000 	C:\WINDOWS\System32\sechost.dll
0x00007ffe38f40000 - 0x00007ffe39058000 	C:\WINDOWS\System32\RPCRT4.dll
0x00007ffe38e10000 - 0x00007ffe38e90000 	C:\WINDOWS\System32\WS2_32.dll
0x00007ffe377b0000 - 0x00007ffe3780e000 	C:\WINDOWS\SYSTEM32\POWRPROF.dll
0x00007ffe2fdd0000 - 0x00007ffe2fe06000 	C:\WINDOWS\SYSTEM32\WINMM.dll
0x00007ffe2fe10000 - 0x00007ffe2fe1b000 	C:\WINDOWS\SYSTEM32\VERSION.dll
0x00007ffe37790000 - 0x00007ffe377a4000 	C:\WINDOWS\SYSTEM32\UMPDC.dll
0x00007ffe36640000 - 0x00007ffe3665b000 	C:\WINDOWS\SYSTEM32\kernel.appcore.dll
0x00007ffe1f660000 - 0x00007ffe1f66a000 	c:\Users\BIT\.vscode\extensions\redhat.java-1.54.0-win32-x64\jre\21.0.10-win32-x86_64\bin\jimage.dll
0x00007ffe29e80000 - 0x00007ffe2a0c2000 	C:\WINDOWS\SYSTEM32\DBGHELP.DLL
0x00007ffe3a330000 - 0x00007ffe3a6b2000 	C:\WINDOWS\System32\combase.dll
0x00007ffe39a50000 - 0x00007ffe39b28000 	C:\WINDOWS\System32\OLEAUT32.dll
0x00007ffe1b2b0000 - 0x00007ffe1b2eb000 	C:\WINDOWS\SYSTEM32\dbgcore.DLL
0x00007ffe37f80000 - 0x00007ffe38025000 	C:\WINDOWS\System32\bcryptPrimitives.dll
0x00007ffe1ea40000 - 0x00007ffe1ea4f000 	c:\Users\BIT\.vscode\extensions\redhat.java-1.54.0-win32-x64\jre\21.0.10-win32-x86_64\bin\instrument.dll
0x00007ffe0d850000 - 0x00007ffe0d870000 	c:\Users\BIT\.vscode\extensions\redhat.java-1.54.0-win32-x64\jre\21.0.10-win32-x86_64\bin\java.dll
0x00007ffe39060000 - 0x00007ffe397c7000 	C:\WINDOWS\System32\SHELL32.dll
0x00007ffe37d50000 - 0x00007ffe37eba000 	C:\WINDOWS\System32\wintypes.dll
0x00007ffe383c0000 - 0x00007ffe38c28000 	C:\WINDOWS\System32\windows.storage.dll
0x00007ffe39b30000 - 0x00007ffe39c28000 	C:\WINDOWS\System32\SHCORE.dll
0x00007ffe3a200000 - 0x00007ffe3a266000 	C:\WINDOWS\System32\shlwapi.dll
0x00007ffe37870000 - 0x00007ffe37899000 	C:\WINDOWS\SYSTEM32\profapi.dll
0x00007ffe0c2e0000 - 0x00007ffe0c2f8000 	c:\Users\BIT\.vscode\extensions\redhat.java-1.54.0-win32-x64\jre\21.0.10-win32-x86_64\bin\zip.dll
0x00007ffe1cc50000 - 0x00007ffe1cc60000 	C:\Users\BIT\.vscode\extensions\redhat.java-1.54.0-win32-x64\jre\21.0.10-win32-x86_64\bin\net.dll
0x00007ffe2f7e0000 - 0x00007ffe2f90d000 	C:\WINDOWS\SYSTEM32\WINHTTP.dll
0x00007ffe36c50000 - 0x00007ffe36cbc000 	C:\WINDOWS\system32\mswsock.dll
0x00007ffe0a540000 - 0x00007ffe0a556000 	C:\Users\BIT\.vscode\extensions\redhat.java-1.54.0-win32-x64\jre\21.0.10-win32-x86_64\bin\nio.dll
0x00007ffe1cac0000 - 0x00007ffe1cad0000 	c:\Users\BIT\.vscode\extensions\redhat.java-1.54.0-win32-x64\jre\21.0.10-win32-x86_64\bin\verify.dll
0x00007ffdee920000 - 0x00007ffdee965000 	C:\Users\BIT\AppData\Roaming\Code\User\globalStorage\redhat.java\1.54.0\config_ss_win\org.eclipse.equinox.launcher\org.eclipse.equinox.launcher.win32.win32.x86_64_1.3.0.v20260203-2149\eclipse_11919.dll
0x00007ffe3ac80000 - 0x00007ffe3ae17000 	C:\WINDOWS\System32\ole32.dll

JVMTI agents:
c:\Users\BIT\.vscode\extensions\redhat.java-1.54.0-win32-x64\lombok\lombok-1.18.39-4050.jar path:c:\Users\BIT\.vscode\extensions\redhat.java-1.54.0-win32-x64\jre\21.0.10-win32-x86_64\bin\instrument.dll, loaded, initialized, instrumentlib options:none

dbghelp: loaded successfully - version: 4.0.5 - missing functions: none
symbol engine: initialized successfully - sym options: 0x614 - pdb path: .;c:\Users\BIT\.vscode\extensions\redhat.java-1.54.0-win32-x64\jre\21.0.10-win32-x86_64\bin;C:\WINDOWS\SYSTEM32;C:\WINDOWS\WinSxS\amd64_microsoft.windows.common-controls_6595b64144ccf1df_6.0.26100.8115_none_3e075c82e3354f9c;c:\Users\BIT\.vscode\extensions\redhat.java-1.54.0-win32-x64\jre\21.0.10-win32-x86_64\bin\server;C:\Users\BIT\AppData\Roaming\Code\User\globalStorage\redhat.java\1.54.0\config_ss_win\org.eclipse.equinox.launcher\org.eclipse.equinox.launcher.win32.win32.x86_64_1.3.0.v20260203-2149

VM Arguments:
jvm_args: --add-modules=ALL-SYSTEM --add-opens=java.base/java.util=ALL-UNNAMED --add-opens=java.base/java.lang=ALL-UNNAMED --add-opens=java.base/sun.nio.fs=ALL-UNNAMED -Declipse.application=org.eclipse.jdt.ls.core.id1 -Dosgi.bundles.defaultStartLevel=4 -Declipse.product=org.eclipse.jdt.ls.core.product -Djava.import.generatesMetadataFilesAtProjectRoot=false -DDetectVMInstallationsJob.disabled=true -Dfile.encoding=utf8 -XX:+UseParallelGC -XX:GCTimeRatio=4 -XX:AdaptiveSizePolicyWeight=90 -Dsun.zip.disableMemoryMapping=true -Xmx2G -Xms100m -Xlog:disable -javaagent:c:\Users\BIT\.vscode\extensions\redhat.java-1.54.0-win32-x64\lombok\lombok-1.18.39-4050.jar 
java_command: c:\Users\BIT\.vscode\extensions\redhat.java-1.54.0-win32-x64\server\plugins\org.eclipse.equinox.launcher_1.7.100.v20251111-0406.jar -configuration c:\Users\BIT\AppData\Roaming\Code\User\globalStorage\redhat.java\1.54.0\config_ss_win -data c:\Users\BIT\AppData\Roaming\Code\User\workspaceStorage\0d7de77c6984a49d8997941169375a69\redhat.java\ss_ws --pipe=\\.\pipe\lsp-a88631d21a6a97f5791a5c30c5744254-sock
java_class_path (initial): c:\Users\BIT\.vscode\extensions\redhat.java-1.54.0-win32-x64\server\plugins\org.eclipse.equinox.launcher_1.7.100.v20251111-0406.jar
Launcher Type: SUN_STANDARD

[Global flags]
    uintx AdaptiveSizePolicyWeight                 = 90                                        {product} {command line}
     intx CICompilerCount                          = 4                                         {product} {ergonomic}
    uintx GCTimeRatio                              = 4                                         {product} {command line}
   size_t InitialHeapSize                          = 104857600                                 {product} {command line}
   size_t MaxHeapSize                              = 2147483648                                {product} {command line}
   size_t MaxNewSize                               = 715653120                                 {product} {ergonomic}
   size_t MinHeapDeltaBytes                        = 524288                                    {product} {ergonomic}
   size_t MinHeapSize                              = 104857600                                 {product} {command line}
   size_t NewSize                                  = 34603008                                  {product} {ergonomic}
    uintx NonNMethodCodeHeapSize                   = 5839372                                {pd product} {ergonomic}
    uintx NonProfiledCodeHeapSize                  = 122909434                              {pd product} {ergonomic}
   size_t OldSize                                  = 70254592                                  {product} {ergonomic}
    uintx ProfiledCodeHeapSize                     = 122909434                              {pd product} {ergonomic}
    uintx ReservedCodeCacheSize                    = 251658240                              {pd product} {ergonomic}
     bool SegmentedCodeCache                       = true                                      {product} {ergonomic}
   size_t SoftMaxHeapSize                          = 2147483648                             {manageable} {ergonomic}
     bool UseCompressedOops                        = true                           {product lp64_product} {ergonomic}
     bool UseLargePagesIndividualAllocation        = false                                  {pd product} {ergonomic}
     bool UseParallelGC                            = true                                      {product} {command line}

Logging:
Log output configuration:
 #0: stdout all=off uptime,level,tags foldmultilines=false
 #1: stderr all=off uptime,level,tags foldmultilines=false

Release file:
JAVA_VERSION="21.0.10" 
MODULES="java.base java.compiler java.datatransfer java.xml java.prefs java.desktop java.instrument java.logging java.management java.security.sasl java.naming java.rmi java.management.rmi java.net.http java.scripting java.security.jgss java.transaction.xa java.sql java.sql.rowset java.xml.crypto java.se java.smartcardio jdk.accessibility jdk.internal.jvmstat jdk.attach jdk.charsets jdk.internal.opt jdk.zipfs jdk.compiler jdk.crypto.ec jdk.crypto.cryptoki jdk.crypto.mscapi jdk.dynalink jdk.internal.ed jdk.editpad jdk.hotspot.agent jdk.httpserver jdk.internal.le jdk.internal.vm.ci jdk.internal.vm.compiler jdk.internal.vm.compiler.management jdk.jartool jdk.javadoc jdk.jcmd jdk.management jdk.management.agent jdk.jconsole jdk.jdeps jdk.jdwp.agent jdk.jdi jdk.jfr jdk.jshell jdk.jsobject jdk.jstatd jdk.localedata jdk.management.jfr jdk.naming.dns jdk.naming.rmi jdk.net jdk.nio.mapmode jdk.random jdk.sctp jdk.security.auth jdk.security.jgss jdk.unsupported jdk.unsupported.desktop jdk.xml.dom" 

Environment Variables:
JAVA_HOME=C:\Program Files\Eclipse Adoptium\jdk-17.0.12.7-hotspot\
PATH=C:\Users\BIT\AppData\Local\Programs\Microsoft VS Code;C:\app\BIT\product\21c\dbhomeXE\bin;C:\Program Files\Eclipse Adoptium\jdk-17.0.12.7-hotspot\bin;C:\Python312\Scripts\;C:\Python312\;C:\WINDOWS\system32;C:\WINDOWS;C:\WINDOWS\System32\Wbem;C:\WINDOWS\System32\WindowsPowerShell\v1.0\;C:\WINDOWS\System32\OpenSSH\;C:\MinGW\bin;C:\CMake\bin;C:\Program Files\nodejs\;C:\ProgramData\chocolatey\bin;C:\Program Files\Git\cmd;C:\Program Files\Git\mingw64\bin;C:\Program Files\Git\usr\bin;C:\Program Files\Docker\Docker\resources\bin;C:\Program Files\MySQL\MySQL Server 8.0\bin;;c:\Users\BIT\AppData\Local\Programs\cursor\resources\app\bin;C:\Program Files\GitHub CLI\;C:\Users\BIT\.cargo\bin;C:\Users\BIT\AppData\Local\Programs\Python\Python313\Scripts\;C:\Users\BIT\AppData\Local\Programs\Python\Python313\;C:\Program Files\MySQL\MySQL Shell 8.0\bin\;C:\Users\BIT\AppData\Local\Microsoft\WindowsApps;C:\Users\BIT\AppData\Local\Programs\Microsoft VS Code\bin;C:\Users\BIT\AppData\Roaming\npm;C:\Users\BIT\AppData\Local\Programs\cursor\resources\app\bin;C:\Users\BIT\AppData\Local\Programs\mongosh\;C:\Users\BIT\AppData\Local\GitHubDesktop\bin
USERNAME=BIT
OS=Windows_NT
PROCESSOR_IDENTIFIER=AMD64 Family 25 Model 80 Stepping 0, AuthenticAMD
TMP=C:\Users\BIT\AppData\Local\Temp
TEMP=C:\Users\BIT\AppData\Local\Temp




Periodic native trim disabled

---------------  S Y S T E M  ---------------

OS:
 Windows 11 , 64 bit Build 26100 (10.0.26100.8246)
OS uptime: 9 days 9:48 hours
Hyper-V role detected

CPU: total 12 (initial active 12) (12 cores per cpu, 2 threads per core) family 25 model 80 stepping 0 microcode 0xa500014, cx8, cmov, fxsr, ht, mmx, 3dnowpref, sse, sse2, sse3, ssse3, sse4a, sse4.1, sse4.2, popcnt, lzcnt, tsc, tscinvbit, avx, avx2, aes, erms, clmul, bmi1, bmi2, adx, sha, fma, vzeroupper, clflush, clflushopt, hv, rdtscp, rdpid, fsrm, f16c, cet_ss
Processor Information for the first 12 processors :
  Max Mhz: 2000, Current Mhz: 2000, Mhz Limit: 2000

Memory: 4k page, system-wide physical 7489M (454M free)
TotalPageFile size 30017M (AvailPageFile size 2M)
current process WorkingSet (physical memory assigned to process): 105M, peak: 105M
current process commit charge ("private bytes"): 256M, peak: 256M

vm_info: OpenJDK 64-Bit Server VM (21.0.10+7-LTS) for windows-amd64 JRE (21.0.10+7-LTS), built on 2026-01-20T00:00:00Z by "admin" with MS VC++ 17.12 (VS2022)

END.
